Warning: You are sending unauthenticated requests to the HF Hub. Please set a HF_TOKEN to enable higher rate limits and faster downloads.
Fetching 15 files:   0%|          | 0/15 [00:00<?, ?it/s]Fetching 15 files: 100%|██████████| 15/15 [00:00<00:00, 933.77it/s]
Loading weights:   0%|          | 0/851 [00:00<?, ?it/s]Loading weights:  13%|█▎        | 107/851 [00:00<00:00, 902.88it/s]Loading weights:  23%|██▎       | 198/851 [00:00<00:01, 589.01it/s]Loading weights:  31%|███       | 263/851 [00:00<00:01, 525.34it/s]Loading weights:  39%|███▉      | 333/851 [00:00<00:00, 539.03it/s]Loading weights:  46%|████▌     | 389/851 [00:00<00:00, 472.55it/s]Loading weights:  53%|█████▎    | 455/851 [00:00<00:00, 511.46it/s]Loading weights:  60%|█████▉    | 509/851 [00:00<00:00, 510.94it/s]Loading weights:  66%|██████▌   | 562/851 [00:01<00:00, 494.06it/s]Loading weights:  73%|███████▎  | 621/851 [00:01<00:00, 520.00it/s]Loading weights:  79%|███████▉  | 674/851 [00:01<00:00, 508.87it/s]Loading weights:  85%|████████▌ | 726/851 [00:01<00:00, 357.43it/s]Loading weights:  90%|█████████ | 768/851 [00:01<00:00, 356.19it/s]Loading weights:  95%|█████████▍| 808/851 [00:01<00:00, 340.57it/s]Loading weights: 100%|██████████| 851/851 [00:01<00:00, 459.39it/s]
Fetching 1 files:   0%|          | 0/1 [00:00<?, ?it/s]Fetching 1 files: 100%|██████████| 1/1 [00:00<00:00, 105.78it/s]

=== language === 30 stimuli, target ' Spanish' (id 14712, single=True)
E0.2 naming accuracy 100.00%  (>=90% required)
E0.2 dropped 0 stimuli, 30 remain
  [1/30] top-25 cells  A=  40  B=  53
  [2/30] top-25 cells  A=  41  B=  42
  [3/30] top-25 cells  A=  48  B=  81
  [4/30] top-25 cells  A=  69  B=  69
  [5/30] top-25 cells  A=  45  B=  48
  [6/30] top-25 cells  A=   2  B=   7
  [7/30] top-25 cells  A=  42  B=  40
  [8/30] top-25 cells  A=   3  B=  29
  [9/30] top-25 cells  A=  42  B=  42
  [10/30] top-25 cells  A=  19  B=  36
  [11/30] top-25 cells  A=  54  B=  69
  [12/30] top-25 cells  A=  70  B=  93
  [13/30] top-25 cells  A=  54  B=  61
  [14/30] top-25 cells  A=  35  B=  36
  [15/30] top-25 cells  A=  49  B=  72
  [16/30] top-25 cells  A=  54  B=  69
  [17/30] top-25 cells  A=  46  B=  59
  [18/30] top-25 cells  A=  23  B=  56
  [19/30] top-25 cells  A=   9  B=  26
  [20/30] top-25 cells  A=   2  B=  23
  [21/30] top-25 cells  A=  20  B=  35
  [22/30] top-25 cells  A=  29  B=  24
  [23/30] top-25 cells  A=  40  B=  42
  [24/30] top-25 cells  A=  12  B=  17
  [25/30] top-25 cells  A=  14  B=  25
  [26/30] top-25 cells  A=  28  B=  29
  [27/30] top-25 cells  A=  22  B=  61
  [28/30] top-25 cells  A=  33  B=  66
  [29/30] top-25 cells  A=  49  B= 101
  [30/30] top-25 cells  A=  43  B=  69
E0.3 ratio B/A = 1.43 (>=2 required) | l* = 0 | in band (21, 46): False
E0.4 J gap 0.001 vs LL gap 0.000 -> ratio 3.51 (>=1.5 required)

=== tense === 30 stimuli, target ' past' (id 3162, single=True)
E0.2 naming accuracy 100.00%  (>=90% required)
E0.2 dropped 0 stimuli, 30 remain
  [1/30] top-25 cells  A=   0  B=   5
  [2/30] top-25 cells  A=   1  B=   1
  [3/30] top-25 cells  A=   3  B=   1
  [4/30] top-25 cells  A=   0  B=   0
  [5/30] top-25 cells  A=   2  B=   0
  [6/30] top-25 cells  A=   0  B=   0
  [7/30] top-25 cells  A=   0  B=   0
  [8/30] top-25 cells  A=   7  B=  15
  [9/30] top-25 cells  A=   0  B=   2
  [10/30] top-25 cells  A=   0  B=   0
  [11/30] top-25 cells  A=   0  B=   3
  [12/30] top-25 cells  A=   0  B=   0
  [13/30] top-25 cells  A=   0  B=   0
  [14/30] top-25 cells  A=   0  B=   0
  [15/30] top-25 cells  A=   0  B=   0
  [16/30] top-25 cells  A=   0  B=   2
  [17/30] top-25 cells  A=   0  B=   0
  [18/30] top-25 cells  A=   0  B=   2
  [19/30] top-25 cells  A=   0  B=   0
  [20/30] top-25 cells  A=   0  B=   0
  [21/30] top-25 cells  A=   0  B=   7
  [22/30] top-25 cells  A=   0  B=   0
  [23/30] top-25 cells  A=   0  B=   0
  [24/30] top-25 cells  A=   0  B=   2
  [25/30] top-25 cells  A=   0  B=   3
  [26/30] top-25 cells  A=   0  B=   0
  [27/30] top-25 cells  A=   0  B=   0
  [28/30] top-25 cells  A=   0  B=   0
  [29/30] top-25 cells  A=   0  B=   0
  [30/30] top-25 cells  A=   0  B=   0
E0.3 ratio B/A = 3.31 (>=2 required) | l* = 2 | in band (21, 46): False
E0.4 J gap 0.005 vs LL gap -0.002 -> ratio inf (>=1.5 required)

=== pos === 30 stimuli, target ' adjective' (id 81578, single=True)
E0.2 naming accuracy 73.33%  (>=90% required)
E0.2 dropped 8 stimuli, 22 remain
  [1/22] top-25 cells  A=   0  B=  61
  [2/22] top-25 cells  A=   0  B=  27
  [3/22] top-25 cells  A=   0  B=   0
  [4/22] top-25 cells  A=   0  B=  15
  [5/22] top-25 cells  A=   0  B=  21
  [6/22] top-25 cells  A=   0  B=  24
  [7/22] top-25 cells  A=   0  B=   0
  [8/22] top-25 cells  A=   0  B=  31
  [9/22] top-25 cells  A=   0  B=  17
  [10/22] top-25 cells  A=   0  B=  26
  [11/22] top-25 cells  A=   8  B=  20
  [12/22] top-25 cells  A=   0  B=  13
  [13/22] top-25 cells  A=   0  B=   0
  [14/22] top-25 cells  A=   0  B=  23
  [15/22] top-25 cells  A=   0  B=  28
  [16/22] top-25 cells  A=   0  B=   2
  [17/22] top-25 cells  A=   0  B=  22
  [18/22] top-25 cells  A=   0  B=  27
  [19/22] top-25 cells  A=   0  B=  13
  [20/22] top-25 cells  A=   4  B=  30
  [21/22] top-25 cells  A=   0  B=  22
  [22/22] top-25 cells  A=   0  B=   0
E0.3 ratio B/A = 35.17 (>=2 required) | l* = 3 | in band (21, 46): False
E0.4 J gap 0.004 vs LL gap -0.005 -> ratio inf (>=1.5 required)

wrote results/e0_difference_final.json
