Warning: You are sending unauthenticated requests to the HF Hub. Please set a HF_TOKEN to enable higher rate limits and faster downloads.
Fetching 15 files:   0%|          | 0/15 [00:00<?, ?it/s]Fetching 15 files: 100%|██████████| 15/15 [00:00<00:00, 518.00it/s]
Loading weights:   0%|          | 0/851 [00:00<?, ?it/s]Loading weights:  12%|█▏        | 104/851 [00:00<00:00, 1012.93it/s]Loading weights:  24%|██▍       | 206/851 [00:00<00:00, 704.26it/s] Loading weights:  33%|███▎      | 282/851 [00:00<00:00, 641.62it/s]Loading weights:  41%|████      | 349/851 [00:00<00:00, 574.13it/s]Loading weights:  48%|████▊     | 409/851 [00:00<00:00, 565.70it/s]Loading weights:  55%|█████▍    | 467/851 [00:00<00:00, 563.46it/s]Loading weights:  62%|██████▏   | 526/851 [00:00<00:00, 571.05it/s]Loading weights:  69%|██████▊   | 584/851 [00:01<00:00, 518.46it/s]Loading weights:  75%|███████▌  | 639/851 [00:01<00:00, 491.28it/s]Loading weights:  81%|████████  | 689/851 [00:01<00:00, 485.74it/s]Loading weights:  87%|████████▋ | 738/851 [00:01<00:00, 472.64it/s]Loading weights:  93%|█████████▎| 790/851 [00:01<00:00, 485.57it/s]Loading weights:  99%|█████████▊| 839/851 [00:01<00:00, 451.03it/s]Loading weights: 100%|██████████| 851/851 [00:01<00:00, 534.76it/s]
Fetching 1 files:   0%|          | 0/1 [00:00<?, ?it/s]Fetching 1 files: 100%|██████████| 1/1 [00:00<00:00, 80.48it/s]

=== language === 30 stimuli, target ' Spanish' (id 14712, single=True)
E0.2 naming accuracy 100.00%  (>=90% required)
  [1/30] top-25 cells  A=  40  B=  53
  [2/30] top-25 cells  A=  41  B=  42
  [3/30] top-25 cells  A=  48  B=  81
  [4/30] top-25 cells  A=  69  B=  69
  [5/30] top-25 cells  A=  45  B=  48
  [6/30] top-25 cells  A=   2  B=   7
  [7/30] top-25 cells  A=  42  B=  40
  [8/30] top-25 cells  A=   3  B=  29
  [9/30] top-25 cells  A=  42  B=  42
  [10/30] top-25 cells  A=  19  B=  36
  [11/30] top-25 cells  A=  54  B=  69
  [12/30] top-25 cells  A=  70  B=  93
  [13/30] top-25 cells  A=  54  B=  61
  [14/30] top-25 cells  A=  35  B=  36
  [15/30] top-25 cells  A=  49  B=  72
  [16/30] top-25 cells  A=  54  B=  69
  [17/30] top-25 cells  A=  46  B=  59
  [18/30] top-25 cells  A=  23  B=  56
  [19/30] top-25 cells  A=   9  B=  26
  [20/30] top-25 cells  A=   2  B=  23
  [21/30] top-25 cells  A=  20  B=  35
  [22/30] top-25 cells  A=  29  B=  24
  [23/30] top-25 cells  A=  40  B=  42
  [24/30] top-25 cells  A=  12  B=  17
  [25/30] top-25 cells  A=  14  B=  25
  [26/30] top-25 cells  A=  28  B=  29
  [27/30] top-25 cells  A=  22  B=  61
  [28/30] top-25 cells  A=  33  B=  66
  [29/30] top-25 cells  A=  49  B= 101
  [30/30] top-25 cells  A=  43  B=  69
E0.3 ratio B/A = 1.43 (>=2 required) | l* = 0 | in band (21, 46): False
E0.4 J gap 0.001 vs LL gap 0.000 -> ratio 3.51 (>=1.5 required)

=== tense === 30 stimuli, target ' past' (id 3162, single=True)
E0.2 naming accuracy 100.00%  (>=90% required)
  [1/30] top-25 cells  A=   0  B=   5
  [2/30] top-25 cells  A=   1  B=   1
  [3/30] top-25 cells  A=   3  B=   1
  [4/30] top-25 cells  A=   0  B=   0
  [5/30] top-25 cells  A=   2  B=   0
  [6/30] top-25 cells  A=   0  B=   0
  [7/30] top-25 cells  A=   0  B=   0
  [8/30] top-25 cells  A=   7  B=  15
  [9/30] top-25 cells  A=   0  B=   2
  [10/30] top-25 cells  A=   0  B=   0
  [11/30] top-25 cells  A=   0  B=   3
  [12/30] top-25 cells  A=   0  B=   0
  [13/30] top-25 cells  A=   0  B=   0
  [14/30] top-25 cells  A=   0  B=   0
  [15/30] top-25 cells  A=   0  B=   0
  [16/30] top-25 cells  A=   0  B=   2
  [17/30] top-25 cells  A=   0  B=   0
  [18/30] top-25 cells  A=   0  B=   2
  [19/30] top-25 cells  A=   0  B=   0
  [20/30] top-25 cells  A=   0  B=   0
  [21/30] top-25 cells  A=   0  B=   7
  [22/30] top-25 cells  A=   0  B=   0
  [23/30] top-25 cells  A=   0  B=   0
  [24/30] top-25 cells  A=   0  B=   2
  [25/30] top-25 cells  A=   0  B=   3
  [26/30] top-25 cells  A=   0  B=   0
  [27/30] top-25 cells  A=   0  B=   0
  [28/30] top-25 cells  A=   0  B=   0
  [29/30] top-25 cells  A=   0  B=   0
  [30/30] top-25 cells  A=   0  B=   0
E0.3 ratio B/A = 3.31 (>=2 required) | l* = 2 | in band (21, 46): False
E0.4 J gap 0.005 vs LL gap -0.002 -> ratio inf (>=1.5 required)

=== pos === 30 stimuli, target ' adjective' (id 81578, single=True)
E0.2 naming accuracy 73.33%  (>=90% required)
  [1/30] top-25 cells  A=   0  B=  61
  [2/30] top-25 cells  A=   0  B=  20
  [3/30] top-25 cells  A=   0  B=  27
  [4/30] top-25 cells  A=   0  B=   0
  [5/30] top-25 cells  A=   0  B=  32
  [6/30] top-25 cells  A=   0  B=  23
  [7/30] top-25 cells  A=   0  B=  15
  [8/30] top-25 cells  A=   0  B=  21
  [9/30] top-25 cells  A=   0  B=  24
  [10/30] top-25 cells  A=   0  B=   0
  [11/30] top-25 cells  A=   0  B=  31
  [12/30] top-25 cells  A=   0  B=  17
  [13/30] top-25 cells  A=   0  B=  26
  [14/30] top-25 cells  A=   8  B=  20
  [15/30] top-25 cells  A=   0  B=  13
  [16/30] top-25 cells  A=   0  B=  20
  [17/30] top-25 cells  A=   0  B=  13
  [18/30] top-25 cells  A=   0  B=   0
  [19/30] top-25 cells  A=   0  B=  23
  [20/30] top-25 cells  A=   0  B=  15
  [21/30] top-25 cells  A=   0  B=  28
  [22/30] top-25 cells  A=   0  B=   2
  [23/30] top-25 cells  A=   0  B=  22
  [24/30] top-25 cells  A=   0  B=  11
  [25/30] top-25 cells  A=   0  B=  14
  [26/30] top-25 cells  A=   0  B=  27
  [27/30] top-25 cells  A=   0  B=  13
  [28/30] top-25 cells  A=   4  B=  30
  [29/30] top-25 cells  A=   0  B=  22
  [30/30] top-25 cells  A=   0  B=   0
E0.3 ratio B/A = 47.50 (>=2 required) | l* = 2 | in band (21, 46): False
E0.4 J gap 0.002 vs LL gap -0.004 -> ratio inf (>=1.5 required)

wrote results/e0_difference.json
