Warning: You are sending unauthenticated requests to the HF Hub. Please set a HF_TOKEN to enable higher rate limits and faster downloads.
Fetching 15 files:   0%|          | 0/15 [00:00<?, ?it/s]Fetching 15 files: 100%|██████████| 15/15 [00:00<00:00, 1069.83it/s]
Loading weights:   0%|          | 0/851 [00:00<?, ?it/s]Loading weights:  15%|█▍        | 125/851 [00:00<00:00, 1157.09it/s]Loading weights:  28%|██▊       | 241/851 [00:00<00:00, 754.67it/s] Loading weights:  38%|███▊      | 324/851 [00:00<00:00, 653.43it/s]Loading weights:  46%|████▋     | 394/851 [00:00<00:00, 616.65it/s]Loading weights:  54%|█████▍    | 458/851 [00:00<00:00, 567.16it/s]Loading weights:  61%|██████    | 516/851 [00:00<00:00, 530.60it/s]Loading weights:  67%|██████▋   | 570/851 [00:00<00:00, 497.54it/s]Loading weights:  75%|███████▌  | 639/851 [00:01<00:00, 539.06it/s]Loading weights:  82%|████████▏ | 694/851 [00:01<00:00, 521.47it/s]Loading weights:  88%|████████▊ | 753/851 [00:01<00:00, 539.74it/s]Loading weights:  95%|█████████▍| 808/851 [00:01<00:00, 466.17it/s]Loading weights: 100%|██████████| 851/851 [00:01<00:00, 555.59it/s]
Fetching 1 files:   0%|          | 0/1 [00:00<?, ?it/s]Fetching 1 files: 100%|██████████| 1/1 [00:00<00:00, 149.05it/s]
all prefixes are {13} tokens
  10/30 passages
  20/30 passages
  30/30 passages

=== Spanish at (L24, offset 10), paired against (A) ===
  arm           Δ vs (A)     ±SE      t  share of lang   ||h|| Δ%
  none           -0.1850  0.3692   -0.5          -83%      -0.3%  [abs. pos differs]
  neutral         0.0914  0.0637    1.4           41%      -0.9%
  A               0.0000  0.0000    0.0            0%       0.0%
  linewidth      -0.1395  0.0910   -1.5          -63%      -3.4%
  wordcount      -0.0254  0.0895   -0.3          -11%      -1.9%
  register       -0.1084  0.0909   -1.2          -49%      -0.8%
  tense           0.1792  0.1382    1.3           80%       0.7%
  pos             0.3984  0.1245    3.2          178%       0.9%
  language        0.2232  0.0593    3.8          100%      -1.5%

=== Spanish at (L24, offset 16), paired against (A) ===
  arm           Δ vs (A)     ±SE      t  share of lang   ||h|| Δ%
  none           -0.2857  0.2598   -1.1         -129%       5.6%  [abs. pos differs]
  neutral        -0.0068  0.0647   -0.1           -3%      -0.5%
  A               0.0000  0.0000    0.0            0%       0.0%
  linewidth      -0.0240  0.0688   -0.3          -11%      -2.0%
  wordcount       0.0561  0.0420    1.3           25%      -0.4%
  register       -0.0350  0.0687   -0.5          -16%      -0.2%
  tense           0.1292  0.0991    1.3           58%       0.8%
  pos             0.4330  0.0860    5.0          196%       1.2%
  language        0.2209  0.0453    4.9          100%      -0.7%

=== question x label, paired Δ vs (A) at offset 10, in units of that label's own language-arm Δ ===
  arm           Spanish      past adjective      noun    formal  informal   English     table    purple  Thursday  rand mean
  none           -0.185     0.557    -0.214    -0.200     0.469     0.465     0.323     0.399     0.268     0.246     -0.235
  neutral         0.091    -0.079    -0.097    -0.106     0.002    -0.017    -0.060    -0.101    -0.115    -0.123     -0.018
  A               0.000     0.000     0.000     0.000     0.000     0.000     0.000     0.000     0.000     0.000      0.000
  linewidth      -0.140    -0.101    -0.035    -0.073     0.017     0.041    -0.071    -0.058    -0.079    -0.161     -0.005
  wordcount      -0.025     0.022    -0.038    -0.048     0.108     0.100     0.029     0.035     0.008    -0.137     -0.051
  register       -0.108    -0.033     0.051    -0.008     0.164     0.271     0.029    -0.003     0.002    -0.016     -0.012
  tense           0.179     0.208    -0.043    -0.062     0.238     0.184     0.202     0.155    -0.013    -0.145     -0.112
  pos             0.398     0.290    -0.034    -0.034     0.363     0.252     0.342     0.270     0.168    -0.077     -0.150
  language        0.223     0.112    -0.044    -0.078     0.168     0.157     0.201     0.099     0.081    -0.037     -0.078

=== scale control: is the rise content, or just a bigger residual? ===
  arm          Spanish Δ    random Δ (mean±sd)   ||h|| Δ%  Spanish − random
  none            -0.185       -0.235±0.378         -0.3%             0.050
  neutral          0.091       -0.018±0.061         -0.9%             0.109
  A                0.000        0.000±0.000          0.0%             0.000
  linewidth       -0.140       -0.005±0.036         -3.4%            -0.135
  wordcount       -0.025       -0.051±0.071         -1.9%             0.026
  register        -0.108       -0.012±0.040         -0.8%            -0.097
  tense            0.179       -0.112±0.142          0.7%             0.292
  pos              0.398       -0.150±0.195          0.9%             0.549
  language         0.223       -0.078±0.082         -1.5%             0.301

wrote results/e11_arms.json
