Warning: You are sending unauthenticated requests to the HF Hub. Please set a HF_TOKEN to enable higher rate limits and faster downloads.
Fetching 15 files:   0%|          | 0/15 [00:00<?, ?it/s]Fetching 15 files: 100%|██████████| 15/15 [00:00<00:00, 1007.91it/s]
Loading weights:   0%|          | 0/851 [00:00<?, ?it/s]Loading weights:  16%|█▌        | 134/851 [00:00<00:00, 1244.03it/s]Loading weights:  30%|███       | 259/851 [00:00<00:00, 645.87it/s] Loading weights:  40%|███▉      | 339/851 [00:00<00:00, 596.31it/s]Loading weights:  48%|████▊     | 406/851 [00:00<00:00, 556.93it/s]Loading weights:  56%|█████▋    | 479/851 [00:00<00:00, 590.03it/s]Loading weights:  64%|██████▍   | 548/851 [00:00<00:00, 599.97it/s]Loading weights:  72%|███████▏  | 611/851 [00:00<00:00, 585.11it/s]Loading weights:  79%|███████▉  | 672/851 [00:01<00:00, 566.73it/s]Loading weights:  86%|████████▌ | 730/851 [00:01<00:00, 541.01it/s]Loading weights:  92%|█████████▏| 785/851 [00:01<00:00, 482.18it/s]Loading weights: 100%|██████████| 851/851 [00:01<00:00, 577.25it/s]
Fetching 1 files:   0%|          | 0/1 [00:00<?, ?it/s]Fetching 1 files: 100%|██████████| 1/1 [00:00<00:00, 102.42it/s]
pos: l*=30, 22 stimuli (8 excluded by E0.2), 223 nodes (168 heads, 24 gdn, 31 mlp)
/root/j-space-mech/scripts/e2_attribution.py:91: UserWarning: Converting a tensor with requires_grad=True to a scalar may lead to unexpected behavior.
Consider using tensor.detach() first. (Triggered internally at /pytorch/torch/csrc/autograd/generated/python_variable_methods.cpp:835.)
  m_clean[pi] = float(m)
  attribution [1/22] m(B)=2.478 m(A)=0.659
  attribution [2/22] m(B)=3.271 m(A)=3.011
  attribution [3/22] m(B)=2.730 m(A)=1.940
  attribution [4/22] m(B)=1.675 m(A)=1.832
  attribution [5/22] m(B)=0.847 m(A)=0.777
  attribution [6/22] m(B)=1.404 m(A)=1.201
  attribution [7/22] m(B)=2.182 m(A)=2.174
  attribution [8/22] m(B)=1.375 m(A)=1.087
  attribution [9/22] m(B)=3.501 m(A)=3.439
  attribution [10/22] m(B)=0.573 m(A)=-0.009
  attribution [11/22] m(B)=3.282 m(A)=3.231
  attribution [12/22] m(B)=1.301 m(A)=0.727
  attribution [13/22] m(B)=2.732 m(A)=2.929
  attribution [14/22] m(B)=1.817 m(A)=1.771
  attribution [15/22] m(B)=0.060 m(A)=-0.115
  attribution [16/22] m(B)=1.848 m(A)=1.668
  attribution [17/22] m(B)=0.311 m(A)=0.003
  attribution [18/22] m(B)=4.086 m(A)=4.158
  attribution [19/22] m(B)=2.233 m(A)=1.726
  attribution [20/22] m(B)=0.848 m(A)=0.333
  attribution [21/22] m(B)=1.781 m(A)=1.610
  attribution [22/22] m(B)=2.282 m(A)=2.060

verifying 46 candidates by activation patching ({'attn': 30, 'mlp': 8, 'gdn': 8})
  patching [1/22]
  patching [2/22]
  patching [3/22]
  patching [4/22]
  patching [5/22]
  patching [6/22]
  patching [7/22]
  patching [8/22]
  patching [9/22]
  patching [10/22]
  patching [11/22]
  patching [12/22]
  patching [13/22]
  patching [14/22]
  patching [15/22]
  patching [16/22]
  patching [17/22]
  patching [18/22]
  patching [19/22]
  patching [20/22]
  patching [21/22]
  patching [22/22]

attribution mass: {
 "attn_at_stimulus": 0.17882855350666937,
 "attn_at_question": 0.10305340949719309,
 "gdn_at_stimulus": 0.2519629609177736,
 "gdn_at_question": 0.10066369755707619,
 "mlp_at_stimulus": 0.22499372780282711,
 "mlp_at_question": 0.14049765071846107
}
attribution-vs-patching r = 0.975 (K3 fires below 0.4)
verified 41/46 candidates -> results/e2_attribution_pos.json
