Warning: You are sending unauthenticated requests to the HF Hub. Please set a HF_TOKEN to enable higher rate limits and faster downloads.
Fetching 15 files:   0%|          | 0/15 [00:00<?, ?it/s]Fetching 15 files: 100%|██████████| 15/15 [00:00<00:00, 1180.47it/s]
Loading weights:   0%|          | 0/851 [00:00<?, ?it/s]Loading weights:  11%|█         | 95/851 [00:00<00:00, 873.00it/s]Loading weights:  22%|██▏       | 183/851 [00:00<00:00, 746.02it/s]Loading weights:  30%|███       | 259/851 [00:00<00:00, 724.28it/s]Loading weights:  39%|███▉      | 332/851 [00:00<00:00, 637.85it/s]Loading weights:  47%|████▋     | 401/851 [00:00<00:00, 636.63it/s]Loading weights:  56%|█████▌    | 473/851 [00:00<00:00, 652.10it/s]Loading weights:  63%|██████▎   | 539/851 [00:00<00:00, 568.06it/s]Loading weights:  70%|███████   | 598/851 [00:00<00:00, 518.41it/s]Loading weights:  77%|███████▋  | 652/851 [00:01<00:00, 497.91it/s]Loading weights:  83%|████████▎ | 710/851 [00:01<00:00, 518.07it/s]Loading weights:  90%|████████▉ | 763/851 [00:01<00:00, 477.64it/s]Loading weights:  95%|█████████▌| 812/851 [00:01<00:00, 467.31it/s]Loading weights: 100%|██████████| 851/851 [00:01<00:00, 564.92it/s]
Fetching 1 files:   0%|          | 0/1 [00:00<?, ?it/s]Fetching 1 files: 100%|██████████| 1/1 [00:00<00:00, 130.16it/s]
P_language (3): ['gdn/20', 'gdn/24', 'gdn/9']
P_tense (4): ['gdn/24', 'gdn/28', 'gdn/21', 'mlp/10']
P_pos (2): ['gdn/25', 'mlp/25']
  ablate P_language  measure language  ->  105.7% (3/3 nodes applicable)
  ablate P_tense     measure language  ->  182.1% (3/4 nodes applicable)
  ablate P_language  measure tense     ->   -8.4% (3/3 nodes applicable)
  ablate P_tense     measure tense     ->   76.6% (4/4 nodes applicable)
  ablate P_pos       measure tense     ->  -21.5% (2/2 nodes applicable)
  ablate P_language  measure pos       ->   33.6% (3/3 nodes applicable)
  ablate P_tense     measure pos       ->  -46.7% (4/4 nodes applicable)
  ablate P_pos       measure pos       ->  150.9% (2/2 nodes applicable)

transfer matrix (rows = measured property, normalised by within-property drop)
measured    P_language     P_tense       P_pos
language         1.00       1.72       0.00
tense           -0.11       1.00      -0.28
pos              0.22      -0.31       1.00

mean off-diagonal transfer 20.8% (H3 predicts >=50%; <20% falsifies)
wrote results/e4_cross_ablation.json
